                                 Started job on |	May 13 00:06:33
                             Started mapping on |	May 13 00:07:17
                                    Finished on |	May 13 00:07:51
       Mapping speed, Million of reads per hour |	3.37

                          Number of input reads |	31817
                      Average input read length |	102
                                    UNIQUE READS:
                   Uniquely mapped reads number |	541
                        Uniquely mapped reads % |	1.70%
                          Average mapped length |	99.02
                       Number of splices: Total |	318
            Number of splices: Annotated (sjdb) |	312
                       Number of splices: GT/AG |	310
                       Number of splices: GC/AG |	5
                       Number of splices: AT/AC |	0
               Number of splices: Non-canonical |	3
                      Mismatch rate per base, % |	3.92%
                         Deletion rate per base |	0.01%
                        Deletion average length |	1.00
                        Insertion rate per base |	0.05%
                       Insertion average length |	1.39
                             MULTI-MAPPING READS:
        Number of reads mapped to multiple loci |	37
             % of reads mapped to multiple loci |	0.12%
        Number of reads mapped to too many loci |	2
             % of reads mapped to too many loci |	0.01%
                                  UNMAPPED READS:
       % of reads unmapped: too many mismatches |	0.00%
                 % of reads unmapped: too short |	98.16%
                     % of reads unmapped: other |	0.01%
                                  CHIMERIC READS:
                       Number of chimeric reads |	0
                            % of chimeric reads |	0.00%
