                                 Started job on |	May 13 00:08:24
                             Started mapping on |	May 13 00:08:39
                                    Finished on |	May 13 00:08:44
       Mapping speed, Million of reads per hour |	2.28

                          Number of input reads |	3165
                      Average input read length |	102
                                    UNIQUE READS:
                   Uniquely mapped reads number |	53
                        Uniquely mapped reads % |	1.67%
                          Average mapped length |	100.34
                       Number of splices: Total |	43
            Number of splices: Annotated (sjdb) |	43
                       Number of splices: GT/AG |	41
                       Number of splices: GC/AG |	2
                       Number of splices: AT/AC |	0
               Number of splices: Non-canonical |	0
                      Mismatch rate per base, % |	2.73%
                         Deletion rate per base |	0.00%
                        Deletion average length |	0.00
                        Insertion rate per base |	0.06%
                       Insertion average length |	1.50
                             MULTI-MAPPING READS:
        Number of reads mapped to multiple loci |	1
             % of reads mapped to multiple loci |	0.03%
        Number of reads mapped to too many loci |	0
             % of reads mapped to too many loci |	0.00%
                                  UNMAPPED READS:
       % of reads unmapped: too many mismatches |	0.00%
                 % of reads unmapped: too short |	98.29%
                     % of reads unmapped: other |	0.00%
                                  CHIMERIC READS:
                       Number of chimeric reads |	0
                            % of chimeric reads |	0.00%
